TAP version 13
# (node:45368) ExperimentalWarning: SQLite is an experimental feature and might change at any time
# (Use `node --trace-warnings ...` to show where the warning was created)
# Subtest: B2 registry lock spans repository COMMIT through quota finalization even when lease expires after commit
not ok 1 - B2 registry lock spans repository COMMIT through quota finalization even when lease expires after commit
  ---
  duration_ms: 204.4283
  type: 'test'
  location: 'E:\\git-project\\wt-mcp-device-111-context\\test\\context\\atomic-blockers.test.js:19:1'
  failureType: 'testCodeFailure'
  error: 'RESERVATION_FENCED_OFF'
  code: 'ERR_TEST_FAILURE'
  stack: |-
    ContextStore.assertReservationLive (file:///E:/git-project/wt-mcp-device-111-context/dist/context/store.js:33:19)
    ContextStore.quotaWrite (file:///E:/git-project/wt-mcp-device-111-context/dist/context/store.js:496:18)
    ContextStore.append (file:///E:/git-project/wt-mcp-device-111-context/dist/context/store.js:219:21)
    TestContext.<anonymous> (file:///E:/git-project/wt-mcp-device-111-context/test/context/atomic-blockers.test.js:38:11)
    Test.runInAsyncScope (node:async_hooks:214:14)
    Test.run (node:internal/test_runner/test:1047:25)
    Test.start (node:internal/test_runner/test:944:17)
    startSubtestAfterBootstrap (node:internal/test_runner/harness:296:17)
  ...
# Subtest: B3 crash between evidence commit and quota finalization heals quota at startup
ok 2 - B3 crash between evidence commit and quota finalization heals quota at startup
  ---
  duration_ms: 356.9557
  type: 'test'
  ...
# Subtest: P2 malformed token suffix cannot be truncated by hex buffer conversion
ok 3 - P2 malformed token suffix cannot be truncated by hex buffer conversion
  ---
  duration_ms: 99.541
  type: 'test'
  ...
# Subtest: P2 clean rejects token transport --admin-token=value
not ok 4 - P2 clean rejects token transport --admin-token=value
  ---
  duration_ms: 97.0808
  type: 'test'
  location: 'E:\\git-project\\wt-mcp-device-111-context\\test\\context\\atomic-blockers.test.js:67:3'
  failureType: 'testCodeFailure'
  error: |-
    Expected values to be strictly equal:
    + actual - expected
    
    + 'ACTION_UNSUPPORTED'
    - 'ACCESS_DENIED'
         ^
    
  code: 'ERR_ASSERTION'
  name: 'AssertionError'
  expected: 'ACCESS_DENIED'
  actual: 'ACTION_UNSUPPORTED'
  operator: 'strictEqual'
  stack: |-
    TestContext.<anonymous> (file:///E:/git-project/wt-mcp-device-111-context/test/context/atomic-blockers.test.js:77:12)
    Test.runInAsyncScope (node:async_hooks:214:14)
    Test.run (node:internal/test_runner/test:1047:25)
    Test.processPendingSubtests (node:internal/test_runner/test:744:18)
    Test.postRun (node:internal/test_runner/test:1173:19)
    Test.run (node:internal/test_runner/test:1101:12)
    process.processTicksAndRejections (node:internal/process/task_queues:103:5)
    async Test.processPendingSubtests (node:internal/test_runner/test:744:7)
  ...
# Subtest: P2 clean rejects token transport environment variables
not ok 5 - P2 clean rejects token transport environment variables
  ---
  duration_ms: 112.1135
  type: 'test'
  location: 'E:\\git-project\\wt-mcp-device-111-context\\test\\context\\atomic-blockers.test.js:67:3'
  failureType: 'testCodeFailure'
  error: |-
    Admin token:(node:44524) ExperimentalWarning: SQLite is an experimental feature and might change at any time
    (Use `node --trace-warnings ...` to show where the warning was created)
    Warning: Detected unsettled top-level await at file:///E:/git-project/wt-mcp-device-111-context/[eval1]:7
          process.stdout.write(JSON.stringify(await runContextCli(['clean','--owner','owner','--repo','repo','--before','1'])));
                                              ^
    
    
    
    
    
    13 !== 0
    
  code: 'ERR_ASSERTION'
  name: 'AssertionError'
  expected: 0
  actual: 13
  operator: 'strictEqual'
  stack: |-
    TestContext.<anonymous> (file:///E:/git-project/wt-mcp-device-111-context/test/context/atomic-blockers.test.js:76:12)
    Test.runInAsyncScope (node:async_hooks:214:14)
    Test.run (node:internal/test_runner/test:1047:25)
    Test.processPendingSubtests (node:internal/test_runner/test:744:18)
    Test.postRun (node:internal/test_runner/test:1173:19)
    Test.run (node:internal/test_runner/test:1101:12)
    process.processTicksAndRejections (node:internal/process/task_queues:103:5)
    async Test.processPendingSubtests (node:internal/test_runner/test:744:7)
  ...
# Subtest: P2 concurrent clean calls sharing one token consume exactly once under exclusive lock
not ok 6 - P2 concurrent clean calls sharing one token consume exactly once under exclusive lock
  ---
  duration_ms: 193.6535
  type: 'test'
  location: 'E:\\git-project\\wt-mcp-device-111-context\\test\\context\\atomic-blockers.test.js:81:1'
  failureType: 'cancelledByParent'
  error: 'Promise resolution is still pending but the event loop has already resolved'
  code: 'ERR_TEST_FAILURE'
  stack: |-
    process.emit (node:events:519:28)
  ...
# (node:24128) ExperimentalWarning: SQLite is an experimental feature and might change at any time
# (Use `node --trace-warnings ...` to show where the warning was created)
# Subtest: B1 maintenance uses incremental reclamation and explicit WAL truncate
ok 7 - B1 maintenance uses incremental reclamation and explicit WAL truncate
  ---
  duration_ms: 156.1645
  type: 'test'
  ...
# Subtest: B1 concurrent purge waits for an active writer and preserves every event
ok 8 - B1 concurrent purge waits for an active writer and preserves every event
  ---
  duration_ms: 906.7813
  type: 'test'
  ...
# Subtest: B1 capture writer waits for purge lock release with zero lost events
ok 9 - B1 capture writer waits for purge lock release with zero lost events
  ---
  duration_ms: 1194.087
  type: 'test'
  ...
# Subtest: B2 admin purge rejects agent environments even with TTY input and output
ok 10 - B2 admin purge rejects agent environments even with TTY input and output
  ---
  duration_ms: 327.4076
  type: 'test'
  ...
# Subtest: B3 killed cross-database writer reconciles exact committed evidence bytes on restart
ok 11 - B3 killed cross-database writer reconciles exact committed evidence bytes on restart
  ---
  duration_ms: 400.4002
  type: 'test'
  ...
# Subtest: B3 reconciliation waits for a separate-process admission and retains sealed evidence totals
ok 12 - B3 reconciliation waits for a separate-process admission and retains sealed evidence totals
  ---
  duration_ms: 2252.7245
  type: 'test'
  ...
# Subtest: B1 migrated auto-vacuum NONE purge clears indexed payload bytes and logical quota without rebuilding
ok 13 - B1 migrated auto-vacuum NONE purge clears indexed payload bytes and logical quota without rebuilding
  ---
  duration_ms: 270.751
  type: 'test'
  ...
# Subtest: B2 stripped agent markers in TTY-capable child rejects generic PURGE
ok 14 - B2 stripped agent markers in TTY-capable child rejects generic PURGE
  ---
  duration_ms: 173.3881
  type: 'test'
  ...
# Subtest: B2 stripped agent markers in TTY-capable child rejects repository challenge with extra whitespace
ok 15 - B2 stripped agent markers in TTY-capable child rejects repository challenge with extra whitespace
  ---
  duration_ms: 182.9705
  type: 'test'
  ...
# Subtest: B2 stripped agent markers in TTY-capable child accepts exact repository challenge with one-time admin token
ok 16 - B2 stripped agent markers in TTY-capable child accepts exact repository challenge with one-time admin token
  ---
  duration_ms: 290.2407
  type: 'test'
  ...
# Subtest: B2 stripped agent markers in TTY-capable child rejects PTY agent without admin token despite exact challenge
ok 17 - B2 stripped agent markers in TTY-capable child rejects PTY agent without admin token despite exact challenge
  ---
  duration_ms: 180.7076
  type: 'test'
  ...
# Subtest: P2 argv admin token is rejected even with a local TTY
ok 18 - P2 argv admin token is rejected even with a local TTY
  ---
  duration_ms: 86.0521
  type: 'test'
  ...
# Subtest: P2 admin token replay is rejected with TOKEN_ALREADY_USED
ok 19 - P2 admin token replay is rejected with TOKEN_ALREADY_USED
  ---
  duration_ms: 98.91
  type: 'test'
  ...
# Subtest: P2 expired token is rejected with TOKEN_EXPIRED
ok 20 - P2 expired token is rejected with TOKEN_EXPIRED
  ---
  duration_ms: 97.1267
  type: 'test'
  ...
# Subtest: P2 token comparison uses constant-time crypto primitive and never argv
ok 21 - P2 token comparison uses constant-time crypto primitive and never argv
  ---
  duration_ms: 0.7057
  type: 'test'
  ...
# Subtest: P3 every production SQLite connection uses the hardened factory
ok 22 - P3 every production SQLite connection uses the hardened factory
  ---
  duration_ms: 125.2711
  type: 'test'
  ...
# Subtest: P3 blocked truncate checkpoint fails closed with PURGE_CHECKPOINT_BUSY
not ok 23 - P3 blocked truncate checkpoint fails closed with PURGE_CHECKPOINT_BUSY
  ---
  duration_ms: 247.1388
  type: 'test'
  location: 'E:\\git-project\\wt-mcp-device-111-context\\test\\context\\review-blockers.test.js:246:1'
  failureType: 'testCodeFailure'
  error: 'no such table: purge_retries'
  code: 'ERR_SQLITE_ERROR'
  stack: |-
    TestContext.<anonymous> (file:///E:/git-project/wt-mcp-device-111-context/test/context/review-blockers.test.js:256:35)
    Test.runInAsyncScope (node:async_hooks:214:14)
    Test.run (node:internal/test_runner/test:1047:25)
    Test.processPendingSubtests (node:internal/test_runner/test:744:18)
    Test.postRun (node:internal/test_runner/test:1173:19)
    Test.run (node:internal/test_runner/test:1101:12)
    process.processTicksAndRejections (node:internal/process/task_queues:103:5)
    async Test.processPendingSubtests (node:internal/test_runner/test:744:7)
  ...
# Subtest: P4 expired reservation fences repository commit and rolls back evidence
ok 24 - P4 expired reservation fences repository commit and rolls back evidence
  ---
  duration_ms: 168.6898
  type: 'test'
  ...
# Subtest: P4 real append commit outliving lease is rejected before COMMIT
ok 25 - P4 real append commit outliving lease is rejected before COMMIT
  ---
  duration_ms: 165.659
  type: 'test'
  ...
# Subtest: P4 EPERM preserves same-host lease and foreign host does not probe PID
ok 26 - P4 EPERM preserves same-host lease and foreign host does not probe PID
  ---
  duration_ms: 96.4092
  type: 'test'
  ...
# Subtest: quota rejection bursts create one deduplicated gap per minute
ok 27 - quota rejection bursts create one deduplicated gap per minute
  ---
  duration_ms: 413.3911
  type: 'test'
  ...
# Subtest: graph neighbor SQL fetch is bounded by remaining examined-edge budget plus one
ok 28 - graph neighbor SQL fetch is bounded by remaining examined-edge budget plus one
  ---
  duration_ms: 0.4117
  type: 'test'
  ...
# Subtest: graph path cannot traverse a purged intermediate node
ok 29 - graph path cannot traverse a purged intermediate node
  ---
  duration_ms: 267.6944
  type: 'test'
  ...
1..29
# tests 29
# suites 0
# pass 24
# fail 4
# cancelled 1
# skipped 0
# todo 0
# duration_ms 8234.6119
