TAP version 13
# (node:45872) ExperimentalWarning: SQLite is an experimental feature and might change at any time
# (Use `node --trace-warnings ...` to show where the warning was created)
# Subtest: frozen ground truth: exact top-3 100%, history Recall@8 >=90%, unauthorized hits zero
ok 1 - frozen ground truth: exact top-3 100%, history Recall@8 >=90%, unauthorized hits zero
  ---
  duration_ms: 3087.6193
  type: 'test'
  ...
# (node:41552) ExperimentalWarning: SQLite is an experimental feature and might change at any time
# (Use `node --trace-warnings ...` to show where the warning was created)
# Subtest: re-pair seals old namespace; refs and cursors never authorize another scope
ok 2 - re-pair seals old namespace; refs and cursors never authorize another scope
  ---
  duration_ms: 510.3131
  type: 'test'
  ...
# Subtest: read cursor binds repository scope and sealed state
ok 3 - read cursor binds repository scope and sealed state
  ---
  duration_ms: 679.2305
  type: 'test'
  ...
# Subtest: durable cursor signature protects generation, query, expiry and position
ok 4 - durable cursor signature protects generation, query, expiry and position
  ---
  duration_ms: 527.1091
  type: 'test'
  ...
# Subtest: sandbox denial is propagated once, without Git or alternate-path fallback
ok 5 - sandbox denial is propagated once, without Git or alternate-path fallback
  ---
  duration_ms: 6.438
  type: 'test'
  ...
# (node:39564) ExperimentalWarning: SQLite is an experimental feature and might change at any time
# (Use `node --trace-warnings ...` to show where the warning was created)
# Subtest: explicit sync constructs directed evidence-backed relations without causal inference
ok 6 - explicit sync constructs directed evidence-backed relations without causal inference
  ---
  duration_ms: 1456.2275
  type: 'test'
  ...
# Subtest: graph shares opaque entity identities but never persists metadata secrets
ok 7 - graph shares opaque entity identities but never persists metadata secrets
  ---
  duration_ms: 1035.192
  type: 'test'
  ...
# (node:37380) ExperimentalWarning: SQLite is an experimental feature and might change at any time
# (Use `node --trace-warnings ...` to show where the warning was created)
# (node:37380) [DEP0040] DeprecationWarning: The `punycode` module is deprecated. Please use a userland alternative instead.
# Subtest: public context route registration and dispatch retain explicit gate boundaries
ok 8 - public context route registration and dispatch retain explicit gate boundaries
  ---
  duration_ms: 2.5733
  type: 'test'
  ...
# Subtest: device public MCP preserves exact CLI content/scope/errors/coverage and gate
ok 9 - device public MCP preserves exact CLI content/scope/errors/coverage and gate
  ---
  duration_ms: 9360.7359
  type: 'test'
  ...
# (node:2492) ExperimentalWarning: SQLite is an experimental feature and might change at any time
# (Use `node --trace-warnings ...` to show where the warning was created)
# Subtest: B2 registry lock spans repository COMMIT through quota finalization even when lease expires after commit
ok 10 - B2 registry lock spans repository COMMIT through quota finalization even when lease expires after commit
  ---
  duration_ms: 799.4437
  type: 'test'
  ...
# Subtest: B2 store commit gate rejects a stale reservation token before repository COMMIT
ok 11 - B2 store commit gate rejects a stale reservation token before repository COMMIT
  ---
  duration_ms: 910.0632
  type: 'test'
  ...
# Subtest: B3 crash between evidence commit and quota finalization heals quota at startup
ok 12 - B3 crash between evidence commit and quota finalization heals quota at startup
  ---
  duration_ms: 4084.969
  type: 'test'
  ...
# Subtest: P2 malformed token suffix cannot be truncated by hex buffer conversion
ok 13 - P2 malformed token suffix cannot be truncated by hex buffer conversion
  ---
  duration_ms: 315.5375
  type: 'test'
  ...
# Subtest: P2 clean rejects token transport --admin-token=value
ok 14 - P2 clean rejects token transport --admin-token=value
  ---
  duration_ms: 365.1567
  type: 'test'
  ...
# Subtest: P2 clean rejects token transport environment variables
ok 15 - P2 clean rejects token transport environment variables
  ---
  duration_ms: 849.7513
  type: 'test'
  ...
# Subtest: P2 concurrent clean calls sharing one token consume exactly once under exclusive lock
ok 16 - P2 concurrent clean calls sharing one token consume exactly once under exclusive lock
  ---
  duration_ms: 5349.5868
  type: 'test'
  ...
# (node:18076) ExperimentalWarning: SQLite is an experimental feature and might change at any time
# (Use `node --trace-warnings ...` to show where the warning was created)
# Subtest: C2-3 reap revokes epoch and late worker cannot commit even before another admission
ok 17 - C2-3 reap revokes epoch and late worker cannot commit even before another admission
  ---
  duration_ms: 911.5288
  type: 'test'
  ...
# Subtest: C2-3 allocation automatically reclaims dead quota leases before QUOTA_EXCEEDED
ok 18 - C2-3 allocation automatically reclaims dead quota leases before QUOTA_EXCEEDED
  ---
  duration_ms: 968.782
  type: 'test'
  ...
# Subtest: C2-2 admission refuses a second living writer lease for the same repository
ok 19 - C2-2 admission refuses a second living writer lease for the same repository
  ---
  duration_ms: 1739.3287
  type: 'test'
  ...
# Subtest: C2-2 two out-of-order reservations cannot overwrite the newer committed watermark
ok 20 - C2-2 two out-of-order reservations cannot overwrite the newer committed watermark
  ---
  duration_ms: 2153.5865
  type: 'test'
  ...
# Subtest: C2-2 commit gate rejects watermark update outside a repository transaction
ok 21 - C2-2 commit gate rejects watermark update outside a repository transaction
  ---
  duration_ms: 434.7657
  type: 'test'
  ...
# Subtest: C2-5/6 FEATURE_LIVE_CAPTURE defaults off and refuses initialization/execution without signed SOC approval
ok 22 - C2-5/6 FEATURE_LIVE_CAPTURE defaults off and refuses initialization/execution without signed SOC approval
  ---
  duration_ms: 1368.5794
  type: 'test'
  ...
# Subtest: C2-5/6 FEATURE_LIVE_CAPTURE validates pinned signature, expiry, feature scope and rechecks execution
ok 23 - C2-5/6 FEATURE_LIVE_CAPTURE validates pinned signature, expiry, feature scope and rechecks execution
  ---
  duration_ms: 1687.8285
  type: 'test'
  ...
# Subtest: C2-5/6 FEATURE_PUBLIC_GATEWAY defaults off and refuses initialization/execution without signed SOC approval
ok 24 - C2-5/6 FEATURE_PUBLIC_GATEWAY defaults off and refuses initialization/execution without signed SOC approval
  ---
  duration_ms: 3461.6183
  type: 'test'
  ...
# Subtest: C2-5/6 FEATURE_PUBLIC_GATEWAY validates pinned signature, expiry, feature scope and rechecks execution
ok 25 - C2-5/6 FEATURE_PUBLIC_GATEWAY validates pinned signature, expiry, feature scope and rechecks execution
  ---
  duration_ms: 315.9453
  type: 'test'
  ...
# (node:25012) ExperimentalWarning: SQLite is an experimental feature and might change at any time
# (Use `node --trace-warnings ...` to show where the warning was created)
# Subtest: T046 pre-intent busy fails open and never replays execution
ok 26 - T046 pre-intent busy fails open and never replays execution
  ---
  duration_ms: 1366.4062
  type: 'test'
  ...
# Subtest: T046 pre-intent storage fails open and never replays execution
ok 27 - T046 pre-intent storage fails open and never replays execution
  ---
  duration_ms: 655.5214
  type: 'test'
  ...
# Subtest: T046 pre-intent quota fails open and never replays execution
ok 28 - T046 pre-intent quota fails open and never replays execution
  ---
  duration_ms: 1894.407
  type: 'test'
  ...
# Subtest: T046 crash after durable intent yields unknown_after_restart without replay
ok 29 - T046 crash after durable intent yields unknown_after_restart without replay
  ---
  duration_ms: 2623.8479
  type: 'test'
  ...
# Subtest: T046 failed outcome write retains execution status, reports gap, and does not replay
ok 30 - T046 failed outcome write retains execution status, reports gap, and does not replay
  ---
  duration_ms: 1813.1964
  type: 'test'
  ...
# Subtest: T046 transport failure after outcome preserves exactly one event and execution
ok 31 - T046 transport failure after outcome preserves exactly one event and execution
  ---
  duration_ms: 4509.5369
  type: 'test'
  ...
# Subtest: T047 authorization is revalidated before dispatch; revocation during execution never hides its result
ok 32 - T047 authorization is revalidated before dispatch; revocation during execution never hides its result
  ---
  duration_ms: 450.522
  type: 'test'
  ...
# (node:45940) ExperimentalWarning: SQLite is an experimental feature and might change at any time
# (Use `node --trace-warnings ...` to show where the warning was created)
# Subtest: capture beginIntent revalidates revocation and detaches the active observer
ok 33 - capture beginIntent revalidates revocation and detaches the active observer
  ---
  duration_ms: 1232.6027
  type: 'test'
  ...
# Subtest: capture completeOutcome revalidates revocation and detaches the active observer
ok 34 - capture completeOutcome revalidates revocation and detaches the active observer
  ---
  duration_ms: 927.5297
  type: 'test'
  ...
# Subtest: capture excluded revalidates revocation and detaches the active observer
ok 35 - capture excluded revalidates revocation and detaches the active observer
  ---
  duration_ms: 1818.6588
  type: 'test'
  ...
# Subtest: capture duplicate revalidates revocation and detaches the active observer
ok 36 - capture duplicate revalidates revocation and detaches the active observer
  ---
  duration_ms: 2132.9818
  type: 'test'
  ...
# Subtest: capture invalid-token revalidates revocation and detaches the active observer
ok 37 - capture invalid-token revalidates revocation and detaches the active observer
  ---
  duration_ms: 1509.3018
  type: 'test'
  ...
# Subtest: capture beginIntent revalidates expiry and detaches the active observer
ok 38 - capture beginIntent revalidates expiry and detaches the active observer
  ---
  duration_ms: 1898.9977
  type: 'test'
  ...
# Subtest: capture completeOutcome revalidates expiry and detaches the active observer
ok 39 - capture completeOutcome revalidates expiry and detaches the active observer
  ---
  duration_ms: 3260.9014
  type: 'test'
  ...
# Subtest: capture excluded revalidates expiry and detaches the active observer
ok 40 - capture excluded revalidates expiry and detaches the active observer
  ---
  duration_ms: 460.3169
  type: 'test'
  ...
# Subtest: capture duplicate revalidates expiry and detaches the active observer
ok 41 - capture duplicate revalidates expiry and detaches the active observer
  ---
  duration_ms: 971.8788
  type: 'test'
  ...
# Subtest: capture invalid-token revalidates expiry and detaches the active observer
ok 42 - capture invalid-token revalidates expiry and detaches the active observer
  ---
  duration_ms: 563.3635
  type: 'test'
  ...
# Subtest: T047 completed durable intent remains idempotent across observer recreation
ok 43 - T047 completed durable intent remains idempotent across observer recreation
  ---
  duration_ms: 2012.2731
  type: 'test'
  ...
# Subtest: captured evidence uses 48-hex refs accepted by store read and activity graph
ok 44 - captured evidence uses 48-hex refs accepted by store read and activity graph
  ---
  duration_ms: 522.1469
  type: 'test'
  ...
# Subtest: T047 captured payload is bounded, redacted and original thrown error is preserved
ok 45 - T047 captured payload is bounded, redacted and original thrown error is preserved
  ---
  duration_ms: 484.1294
  type: 'test'
  ...
# (node:25092) ExperimentalWarning: SQLite is an experimental feature and might change at any time
# (Use `node --trace-warnings ...` to show where the warning was created)
# (node:25092) [DEP0040] DeprecationWarning: The `punycode` module is deprecated. Please use a userland alternative instead.
# Subtest: T049 outer observer owns nested dispatch once and legacy tool history does not double write
ok 46 - T049 outer observer owns nested dispatch once and legacy tool history does not double write
  ---
  duration_ms: 12691.6773
  type: 'test'
  ...
# (node:42380) ExperimentalWarning: SQLite is an experimental feature and might change at any time
# (Use `node --trace-warnings ...` to show where the warning was created)
# (node:42380) [DEP0040] DeprecationWarning: The `punycode` module is deprecated. Please use a userland alternative instead.
# Subtest: T045 live capture requires signed feature authorization
ok 47 - T045 live capture requires signed feature authorization
  ---
  duration_ms: 2.8186
  type: 'test'
  ...
# Subtest: T045 public gateway routes file/edit/shell/process/project/image/errors through exactly one observer
ok 48 - T045 public gateway routes file/edit/shell/process/project/image/errors through exactly one observer
  ---
  duration_ms: 16731.368
  type: 'test'
  ...
# Subtest: T045 local_* and history/UI observers never ingest their own responses
ok 49 - T045 local_* and history/UI observers never ingest their own responses
  ---
  duration_ms: 472.7535
  type: 'test'
  ...
# Subtest: T047 outcome retries never create a second event or payload
ok 50 - T047 outcome retries never create a second event or payload
  ---
  duration_ms: 407.4212
  type: 'test'
  ...
# (node:27580) ExperimentalWarning: SQLite is an experimental feature and might change at any time
# (Use `node --trace-warnings ...` to show where the warning was created)
# (node:27580) [DEP0040] DeprecationWarning: The `punycode` module is deprecated. Please use a userland alternative instead.
# Subtest: SDK client refresh/re-registration sees six gated schemas without duplicates
ok 51 - SDK client refresh/re-registration sees six gated schemas without duplicates
  ---
  duration_ms: 3875.9095
  type: 'test'
  ...
# (node:33592) ExperimentalWarning: SQLite is an experimental feature and might change at any time
# (Use `node --trace-warnings ...` to show where the warning was created)
# Subtest: checkpoint separates observed Git metadata from reported summary and refs
ok 52 - checkpoint separates observed Git metadata from reported summary and refs
  ---
  duration_ms: 5588.7007
  type: 'test'
  ...
# Subtest: checkpoint claims remain reported after indexing and search
ok 53 - checkpoint claims remain reported after indexing and search
  ---
  duration_ms: 7549.8695
  type: 'test'
  ...
# Subtest: checkpoint redacts reported secrets without breaking structured evidence
ok 54 - checkpoint redacts reported secrets without breaking structured evidence
  ---
  duration_ms: 3526.7087
  type: 'test'
  ...
# Subtest: checkpoint rejects unknown evidence refs without fabricating checkpoint evidence
ok 55 - checkpoint rejects unknown evidence refs without fabricating checkpoint evidence
  ---
  duration_ms: 758.6905
  type: 'test'
  ...
# (node:22260) ExperimentalWarning: SQLite is an experimental feature and might change at any time
# (Use `node --trace-warnings ...` to show where the warning was created)
# Subtest: G6 production constructors ignore attempted interleaving hook injection
ok 56 - G6 production constructors ignore attempted interleaving hook injection
  ---
  duration_ms: 1426.841
  type: 'test'
  ...
# Subtest: B4 service FEATURE_LIVE_CAPTURE privileged entry points fail before side effects
ok 57 - B4 service FEATURE_LIVE_CAPTURE privileged entry points fail before side effects
  ---
  duration_ms: 1818.2769
  type: 'test'
  ...
# Subtest: B4 service FEATURE_PUBLIC_GATEWAY privileged entry points fail before side effects
ok 58 - B4 service FEATURE_PUBLIC_GATEWAY privileged entry points fail before side effects
  ---
  duration_ms: 647.8609
  type: 'test'
  ...
# (node:40516) ExperimentalWarning: SQLite is an experimental feature and might change at any time
# (Use `node --trace-warnings ...` to show where the warning was created)
# Subtest: CLI search/read/status preserve ContextService JSON semantics with gateway offline
ok 59 - CLI search/read/status preserve ContextService JSON semantics with gateway offline
  ---
  duration_ms: 5252.9019
  type: 'test'
  ...
# Subtest: CLI keeps inaccessible local state typed and redacted without remote bypass
ok 60 - CLI keeps inaccessible local state typed and redacted without remote bypass
  ---
  duration_ms: 1567.768
  type: 'test'
  ...
# Subtest: CLI ACCESS_DENIED remains local and uses the stable access exit code
ok 61 - CLI ACCESS_DENIED remains local and uses the stable access exit code
  ---
  duration_ms: 5409.0104
  type: 'test'
  ...
# Subtest: CLI executable emits JSON, human output, and safe usage errors
ok 62 - CLI executable emits JSON, human output, and safe usage errors
  ---
  duration_ms: 3582.7293
  type: 'test'
  ...
# Subtest: CLI paginates search and read and explicitly syncs/rebuilds without source mutation
ok 63 - CLI paginates search and read and explicitly syncs/rebuilds without source mutation
  ---
  duration_ms: 2425.1764
  type: 'test'
  ...
# Subtest: read-only CLI leaves persisted databases unchanged and reports safe accounting
ok 64 - read-only CLI leaves persisted databases unchanged and reports safe accounting
  ---
  duration_ms: 809.7034
  type: 'test'
  ...
# Subtest: CLI scope failure and sealed namespace cannot fall back
ok 65 - CLI scope failure and sealed namespace cannot fall back
  ---
  duration_ms: 824.5713
  type: 'test'
  ...
# Subtest: CLI rejects caller-controlled device/account/store selectors and exposes only contracted commands
ok 66 - CLI rejects caller-controlled device/account/store selectors and exposes only contracted commands
  ---
  duration_ms: 0.7044
  type: 'test'
  ...
# (node:10664) ExperimentalWarning: SQLite is an experimental feature and might change at any time
# (Use `node --trace-warnings ...` to show where the warning was created)
# Subtest: device quota serializes all repos and includes sealed namespaces, without evicting evidence
ok 67 - device quota serializes all repos and includes sealed namespaces, without evicting evidence
  ---
  duration_ms: 1186.0648
  type: 'test'
  ...
# Subtest: repo quota pauses sync and import without publishing partial generations
ok 68 - repo quota pauses sync and import without publishing partial generations
  ---
  duration_ms: 1773.1585
  type: 'test'
  ...
# Subtest: transaction failure rolls back evidence and event together
ok 69 - transaction failure rolls back evidence and event together
  ---
  duration_ms: 2051.8533
  type: 'test'
  ...
# Subtest: restart abandons shadow generations and marks unresolved intents unknown without sync
ok 70 - restart abandons shadow generations and marks unresolved intents unknown without sync
  ---
  duration_ms: 2448.0222
  type: 'test'
  ...
# Subtest: process kill rolls back uncommitted WAL writes and preserves last-good generation
ok 71 - process kill rolls back uncommitted WAL writes and preserves last-good generation
  ---
  duration_ms: 5398.7316
  type: 'test'
  ...
# Subtest: cleanup invalidates stateless search cursors and supports explicit sealed namespace selection
ok 72 - cleanup invalidates stateless search cursors and supports explicit sealed namespace selection
  ---
  duration_ms: 805.9017
  type: 'test'
  ...
# Subtest: admin clean CLI refuses non-TTY input and cannot accept agent confirmation flags
ok 73 - admin clean CLI refuses non-TTY input and cannot accept agent confirmation flags
  ---
  duration_ms: 509.416
  type: 'test'
  ...
# Subtest: explicit local admin payload purge reclaims quota and leaves metadata and content-free audit
ok 74 - explicit local admin payload purge reclaims quota and leaves metadata and content-free audit
  ---
  duration_ms: 2186.4829
  type: 'test'
  ...
# (node:27500) ExperimentalWarning: SQLite is an experimental feature and might change at any time
# (Use `node --trace-warnings ...` to show where the warning was created)
# Subtest: fresh status creates no repo database; unknown intent and wrong job scope are visible
ok 75 - fresh status creates no repo database; unknown intent and wrong job scope are visible
  ---
  duration_ms: 2180.7826
  type: 'test'
  ...
# Subtest: migration rejects a newer schema without replacing it and publication rejects invalid watermarks
ok 76 - migration rejects a newer schema without replacing it and publication rejects invalid watermarks
  ---
  duration_ms: 2070.0989
  type: 'test'
  ...
# Subtest: symlink sandbox escape is denied on its canonical target
ok 77 - symlink sandbox escape is denied on its canonical target
  ---
  duration_ms: 591.7445
  type: 'test'
  ...
# (node:43260) ExperimentalWarning: SQLite is an experimental feature and might change at any time
# (Use `node --trace-warnings ...` to show where the warning was created)
# Subtest: gateway success/error/truncation/debug/metrics never persist or log context canaries
ok 78 - gateway success/error/truncation/debug/metrics never persist or log context canaries
  ---
  duration_ms: 1845.6919
  type: 'test'
  ...
# (node:43652) ExperimentalWarning: SQLite is an experimental feature and might change at any time
# (Use `node --trace-warnings ...` to show where the warning was created)
# Subtest: graph CLI is read-only domain parity and search optionally returns bounded related refs
ok 79 - graph CLI is read-only domain parity and search optionally returns bounded related refs
  ---
  duration_ms: 6099.0212
  type: 'test'
  ...
# (node:40004) ExperimentalWarning: SQLite is an experimental feature and might change at any time
# (Use `node --trace-warnings ...` to show where the warning was created)
# Subtest: high-degree traversal enforces examined, visited, node, depth and aggregate byte caps
ok 80 - high-degree traversal enforces examined, visited, node, depth and aggregate byte caps
  ---
  duration_ms: 5291.0166
  type: 'test'
  ...
# Subtest: cycles terminate and path, direction, relation filtering and timeline are deterministic
ok 81 - cycles terminate and path, direction, relation filtering and timeline are deterministic
  ---
  duration_ms: 2134.8714
  type: 'test'
  ...
# Subtest: generation, retention, repository and sealed-owner boundaries are enforced before graph lookup
ok 82 - generation, retention, repository and sealed-owner boundaries are enforced before graph lookup
  ---
  duration_ms: 4390.9949
  type: 'test'
  ...
# (node:28184) ExperimentalWarning: SQLite is an experimental feature and might change at any time
# (Use `node --trace-warnings ...` to show where the warning was created)
# Subtest: JSONL import is source-preserving, redacted, idempotent and quarantines unresolved scope
ok 83 - JSONL import is source-preserving, redacted, idempotent and quarantines unresolved scope
  ---
  duration_ms: 2365.6399
  type: 'test'
  ...
# Subtest: legacy id wins over changed content, and excluded paths never persist payloads
ok 84 - legacy id wins over changed content, and excluded paths never persist payloads
  ---
  duration_ms: 2120.4345
  type: 'test'
  ...
# (node:39860) ExperimentalWarning: SQLite is an experimental feature and might change at any time
# (Use `node --trace-warnings ...` to show where the warning was created)
# Subtest: scoped foreground jobs reject overlap, cancel safely and keep sync idempotent
ok 85 - scoped foreground jobs reject overlap, cancel safely and keep sync idempotent
  ---
  duration_ms: 2128.7063
  type: 'test'
  ...
# Subtest: startup, read, search, graph, status and idle never materialize pending evidence
ok 86 - startup, read, search, graph, status and idle never materialize pending evidence
  ---
  duration_ms: 2156.0216
  type: 'test'
  ...
# (node:45728) ExperimentalWarning: SQLite is an experimental feature and might change at any time
# (Use `node --trace-warnings ...` to show where the warning was created)
# Subtest: sync indexes only pending retained events and advances watermark without copying old rows
ok 87 - sync indexes only pending retained events and advances watermark without copying old rows
  ---
  duration_ms: 3596.8203
  type: 'test'
  ...
# (node:20456) ExperimentalWarning: SQLite is an experimental feature and might change at any time
# (Use `node --trace-warnings ...` to show where the warning was created)
# Subtest: six full public schemas match contract annotations and fit the 10,000 token catalog budget
ok 88 - six full public schemas match contract annotations and fit the 10,000 token catalog budget
  ---
  duration_ms: 1856.251
  type: 'test'
  ...
# Subtest: public forwarding denies old/offline/unowned devices and lane mismatch before transport
ok 89 - public forwarding denies old/offline/unowned devices and lane mismatch before transport
  ---
  duration_ms: 325.0121
  type: 'test'
  ...
# Subtest: wiki is reserved disabled status with zero transport/provider calls
ok 90 - wiki is reserved disabled status with zero transport/provider calls
  ---
  duration_ms: 1345.6554
  type: 'test'
  ...
# Subtest: G2 valid Ed25519 signed artifact verifies with explicit test-only key without crypto substitution
ok 91 - G2 valid Ed25519 signed artifact verifies with explicit test-only key without crypto substitution
  ---
  duration_ms: 88.8978
  type: 'test'
  ...
# Subtest: R2 Negative Test \#5 attacker env public key plus valid self-signed artifact is SOC_KEY_UNTRUSTED
ok 92 - R2 Negative Test \#5 attacker env public key plus valid self-signed artifact is SOC_KEY_UNTRUSTED
  ---
  duration_ms: 133.3693
  type: 'test'
  ...
# Subtest: R3 direct capture function call without service initialization is locked
ok 93 - R3 direct capture function call without service initialization is locked
  ---
  duration_ms: 4.1773
  type: 'test'
  ...
# Subtest: R3 capture every call revalidates expiry and removal after valid setup
ok 94 - R3 capture every call revalidates expiry and removal after valid setup
  ---
  duration_ms: 89.6995
  type: 'test'
  ...
# Subtest: R3 direct gateway function call without service initialization is locked
ok 95 - R3 direct gateway function call without service initialization is locked
  ---
  duration_ms: 203.7074
  type: 'test'
  ...
# Subtest: R3 gateway every call revalidates expiry and removal after valid setup
ok 96 - R3 gateway every call revalidates expiry and removal after valid setup
  ---
  duration_ms: 981.0012
  type: 'test'
  ...
# Subtest: G4 capture revoked artifact digest locks subsequent invocation before side effects
ok 97 - G4 capture revoked artifact digest locks subsequent invocation before side effects
  ---
  duration_ms: 74.5598
  type: 'test'
  ...
# Subtest: G4 gateway revoked artifact digest locks subsequent invocation before side effects
ok 98 - G4 gateway revoked artifact digest locks subsequent invocation before side effects
  ---
  duration_ms: 63.8737
  type: 'test'
  ...
# Subtest: G4 malformed revocation source fails closed
ok 99 - G4 malformed revocation source fails closed
  ---
  duration_ms: 44.6555
  type: 'test'
  ...
# Subtest: G4 unrelated revoked digest leaves a valid approval authorized
ok 100 - G4 unrelated revoked digest leaves a valid approval authorized
  ---
  duration_ms: 13.3768
  type: 'test'
  ...
# Subtest: JCS RFC 8785 signature uses sorted payload keys regardless of artifact insertion order
ok 101 - JCS RFC 8785 signature uses sorted payload keys regardless of artifact insertion order
  ---
  duration_ms: 16.9903
  type: 'test'
  ...
# PASS: frozen policy bounds, six-tool contract, baseline byte accounting and proposed local catalog budget
# Subtest: test\\context\\policy-contract.test.js
ok 25 - test\\context\\policy-contract.test.js
  ---
  duration_ms: 498.5238
  type: 'test'
  ...
# (node:39712) ExperimentalWarning: SQLite is an experimental feature and might change at any time
# (Use `node --trace-warnings ...` to show where the warning was created)
# Subtest: T048 canonical process identity/ranges survive capture and repeated polling reuses payload
ok 103 - T048 canonical process identity/ranges survive capture and repeated polling reuses payload
  ---
  duration_ms: 1962.6803
  type: 'test'
  ...
# (node:39712) [DEP0040] DeprecationWarning: The `punycode` module is deprecated. Please use a userland alternative instead.
# Subtest: T048 live process adapter exposes runtime/execution identity and bounded range metadata
ok 104 - T048 live process adapter exposes runtime/execution identity and bounded range metadata
  ---
  duration_ms: 4351.8031
  type: 'test'
  ...
# (node:26124) ExperimentalWarning: SQLite is an experimental feature and might change at any time
# (Use `node --trace-warnings ...` to show where the warning was created)
# Subtest: finalized per-ref byte ranges preserve order, Unicode, cursor binding and aggregate budget
ok 105 - finalized per-ref byte ranges preserve order, Unicode, cursor binding and aggregate budget
  ---
  duration_ms: 1702.0359
  type: 'test'
  ...
# (node:6768) ExperimentalWarning: SQLite is an experimental feature and might change at any time
# (Use `node --trace-warnings ...` to show where the warning was created)
# Subtest: Vietnamese and emoji byte-budget pages preserve code points and byte offsets
ok 106 - Vietnamese and emoji byte-budget pages preserve code points and byte offsets
  ---
  duration_ms: 2224.3619
  type: 'test'
  ...
# Subtest: evidence read preserves order, retention/redaction and aggregate UTF-8 byte budgets without writes
ok 107 - evidence read preserves order, retention/redaction and aggregate UTF-8 byte budgets without writes
  ---
  duration_ms: 4903.4407
  type: 'test'
  ...
# (node:44680) ExperimentalWarning: SQLite is an experimental feature and might change at any time
# (Use `node --trace-warnings ...` to show where the warning was created)
# Subtest: secrets are replaced before SQLite, WAL and FTS persistence; hash is retained bytes
ok 108 - secrets are replaced before SQLite, WAL and FTS persistence; hash is retained bytes
  ---
  duration_ms: 1768.7804
  type: 'test'
  ...
# Subtest: import deduplicates redacted content and indexes only redacted text
ok 109 - import deduplicates redacted content and indexes only redacted text
  ---
  duration_ms: 4409.0313
  type: 'test'
  ...
# Subtest: secret markers use keyed tags, never offline-guessable plain hashes
ok 110 - secret markers use keyed tags, never offline-guessable plain hashes
  ---
  duration_ms: 1.3934
  type: 'test'
  ...
# Subtest: UTF-8 budgets handle zero, four-byte emoji boundaries and surrogate pairs
ok 111 - UTF-8 budgets handle zero, four-byte emoji boundaries and surrogate pairs
  ---
  duration_ms: 1.4201
  type: 'test'
  ...
# Subtest: excluded paths, binary/base64, UTF-8 byte caps and boundary secrets
ok 112 - excluded paths, binary/base64, UTF-8 byte caps and boundary secrets
  ---
  duration_ms: 79.1239
  type: 'test'
  ...
# Subtest: Git roots, worktrees, separate clones and nested repositories
ok 113 - Git roots, worktrees, separate clones and nested repositories
  ---
  duration_ms: 8001.4241
  type: 'test'
  ...
# Subtest: non-Git, missing/ambiguous cwd, traversal and symlink escape are not weakly resolved
ok 114 - non-Git, missing/ambiguous cwd, traversal and symlink escape are not weakly resolved
  ---
  duration_ms: 111.2755
  type: 'test'
  ...
# (node:31356) ExperimentalWarning: SQLite is an experimental feature and might change at any time
# (Use `node --trace-warnings ...` to show where the warning was created)
# Subtest: R2 reconciliation preserves living leases and removes dead or expired leases
ok 115 - R2 reconciliation preserves living leases and removes dead or expired leases
  ---
  duration_ms: 1662.1579
  type: 'test'
  ...
# Subtest: R2 commit-to-registry worker keeps registry lock until finalization or PID death
ok 116 - R2 commit-to-registry worker keeps registry lock until finalization or PID death
  ---
  duration_ms: 4603.4686
  type: 'test'
  ...
# Subtest: B1 secure_delete is enabled on writable, read, registry, unscoped and CLI-style connections
ok 117 - B1 secure_delete is enabled on writable, read, registry, unscoped and CLI-style connections
  ---
  duration_ms: 797.0527
  type: 'test'
  ...
# (node:43424) ExperimentalWarning: SQLite is an experimental feature and might change at any time
# (Use `node --trace-warnings ...` to show where the warning was created)
# Subtest: v1 repo migration preserves evidence and installs incremental retrieval schema
ok 118 - v1 repo migration preserves evidence and installs incremental retrieval schema
  ---
  duration_ms: 12.708
  type: 'test'
  ...
# Subtest: v2 migration adds snapshot tombstones and folds existing redacted FTS content
ok 119 - v2 migration adds snapshot tombstones and folds existing redacted FTS content
  ---
  duration_ms: 3.0793
  type: 'test'
  ...
# Subtest: FTS filters first generation, retention, source and time without returning cross-scope evidence
ok 120 - FTS filters first generation, retention, source and time without returning cross-scope evidence
  ---
  duration_ms: 4805.7267
  type: 'test'
  ...
# (node:46680) ExperimentalWarning: SQLite is an experimental feature and might change at any time
# (Use `node --trace-warnings ...` to show where the warning was created)
# Subtest: pinned pagination retains page-two reindexed rows and excludes new generations
ok 121 - pinned pagination retains page-two reindexed rows and excludes new generations
  ---
  duration_ms: 4894.2729
  type: 'test'
  ...
# Subtest: pinned generation excludes a clock-skewed G+1 event older than the cursor
ok 122 - pinned generation excludes a clock-skewed G+1 event older than the cursor
  ---
  duration_ms: 1282.351
  type: 'test'
  ...
# Subtest: read continuation cannot be replayed against different refs in the same repo
ok 123 - read continuation cannot be replayed against different refs in the same repo
  ---
  duration_ms: 473.2202
  type: 'test'
  ...
# Subtest: pinned keyset pagination uses deterministic bucket and timestamp ordering across generation advances
ok 124 - pinned keyset pagination uses deterministic bucket and timestamp ordering across generation advances
  ---
  duration_ms: 3663.7578
  type: 'test'
  ...
# Subtest: stable exact-match bucket precedes newer FTS-only matches across keyset pages
ok 125 - stable exact-match bucket precedes newer FTS-only matches across keyset pages
  ---
  duration_ms: 365.1418
  type: 'test'
  ...
# Subtest: documents matching both exact and FTS preserve match_reason 0 and never repeat across keyset page boundaries with limit 1
ok 126 - documents matching both exact and FTS preserve match_reason 0 and never repeat across keyset page boundaries with limit 1
  ---
  duration_ms: 522.7027
  type: 'test'
  ...
# Subtest: expired authenticated search and read cursors are stale at the domain boundary
ok 127 - expired authenticated search and read cursors are stale at the domain boundary
  ---
  duration_ms: 338.8372
  type: 'test'
  ...
# Subtest: read cursor issued at G is stale after publication of G+1
ok 128 - read cursor issued at G is stale after publication of G+1
  ---
  duration_ms: 366.5716
  type: 'test'
  ...
# Subtest: one-byte payload tampering with the original MAC is invalid
ok 129 - one-byte payload tampering with the original MAC is invalid
  ---
  duration_ms: 335.9948
  type: 'test'
  ...
# Subtest: query mismatch and search/read/durable kind confusion are invalid
ok 130 - query mismatch and search/read/durable kind confusion are invalid
  ---
  duration_ms: 355.107
  type: 'test'
  ...
# Subtest: current retention availability overrides pinned generation for purged evidence
ok 131 - current retention availability overrides pinned generation for purged evidence
  ---
  duration_ms: 1402.0312
  type: 'test'
  ...
# Subtest: Vietnamese stroked d folds on index and query sides
ok 132 - Vietnamese stroked d folds on index and query sides
  ---
  duration_ms: 291.3361
  type: 'test'
  ...
# Subtest: v2 upgrade rebuilds folded FTS and initializes generation tombstones to NULL
ok 133 - v2 upgrade rebuilds folded FTS and initializes generation tombstones to NULL
  ---
  duration_ms: 278.6944
  type: 'test'
  ...
# (node:46680) ExperimentalWarning: SQLite is an experimental feature and might change at any time
# (Use `node --trace-warnings ...` to show where the warning was created)
# Subtest: concurrent migration opener waits and rechecks v3, then commits without DDL
ok 134 - concurrent migration opener waits and rechecks v3, then commits without DDL
  ---
  duration_ms: 317.1513
  type: 'test'
  ...
# (node:46680) ExperimentalWarning: SQLite is an experimental feature and might change at any time
# (Use `node --trace-warnings ...` to show where the warning was created)
# Subtest: concurrent migration opener rejects post-lock v4 and rolls back without a dangling transaction
ok 135 - concurrent migration opener rejects post-lock v4 and rolls back without a dangling transaction
  ---
  duration_ms: 320.2044
  type: 'test'
  ...
# Subtest: v3 migration rolls back pre-commit failure and process crash, then reruns cleanly
ok 136 - v3 migration rolls back pre-commit failure and process crash, then reruns cleanly
  ---
  duration_ms: 384.4263
  type: 'test'
  ...
# Subtest: parseVersion rejects unreadable and invalid versions directly
ok 137 - parseVersion rejects unreadable and invalid versions directly
  ---
  duration_ms: 0.8721
  type: 'test'
  ...
# Subtest: migration rejects unreadable and invalid versions before and after BEGIN IMMEDIATE
ok 138 - migration rejects unreadable and invalid versions before and after BEGIN IMMEDIATE
  ---
  duration_ms: 2.4931
  type: 'test'
  ...
# Subtest: migration preserves the original error when COMMIT already released the transaction
ok 139 - migration preserves the original error when COMMIT already released the transaction
  ---
  duration_ms: 60.8226
  type: 'test'
  ...
# Subtest: substring and FTS matches collapse to one row with exact score zero
ok 140 - substring and FTS matches collapse to one row with exact score zero
  ---
  duration_ms: 293.3728
  type: 'test'
  ...
# Subtest: FTS search binds every SQL placeholder and uses all-null first-page keyset sentinels
ok 141 - FTS search binds every SQL placeholder and uses all-null first-page keyset sentinels
  ---
  duration_ms: 324.0152
  type: 'test'
  ...
# Subtest: FTS syntax characters are quoted as tokens and never interpreted as operators
ok 142 - FTS syntax characters are quoted as tokens and never interpreted as operators
  ---
  duration_ms: 328.3755
  type: 'test'
  ...
# Subtest: empty-token queries skip FTS and return only substring matches
ok 143 - empty-token queries skip FTS and return only substring matches
  ---
  duration_ms: 315.2189
  type: 'test'
  ...
# Subtest: search/status are read-only, Unicode-aware, bounded and never sync implicitly
ok 144 - search/status are read-only, Unicode-aware, bounded and never sync implicitly
  ---
  duration_ms: 485.5599
  type: 'test'
  ...
# (node:25500) ExperimentalWarning: SQLite is an experimental feature and might change at any time
# (Use `node --trace-warnings ...` to show where the warning was created)
# Subtest: B1 maintenance uses incremental reclamation and explicit WAL truncate
ok 145 - B1 maintenance uses incremental reclamation and explicit WAL truncate
  ---
  duration_ms: 3617.3228
  type: 'test'
  ...
# Subtest: B1 concurrent purge waits for an active writer and preserves every event
ok 146 - B1 concurrent purge waits for an active writer and preserves every event
  ---
  duration_ms: 1986.7174
  type: 'test'
  ...
# Subtest: B1 capture writer waits for purge lock release with zero lost events
ok 147 - B1 capture writer waits for purge lock release with zero lost events
  ---
  duration_ms: 3320.0554
  type: 'test'
  ...
# Subtest: B2 admin purge rejects agent environments even with TTY input and output
ok 148 - B2 admin purge rejects agent environments even with TTY input and output
  ---
  duration_ms: 631.2941
  type: 'test'
  ...
# Subtest: B3 killed cross-database writer reconciles exact committed evidence bytes on restart
ok 149 - B3 killed cross-database writer reconciles exact committed evidence bytes on restart
  ---
  duration_ms: 672.7035
  type: 'test'
  ...
# Subtest: B3 reconciliation waits for a separate-process admission and retains sealed evidence totals
ok 150 - B3 reconciliation waits for a separate-process admission and retains sealed evidence totals
  ---
  duration_ms: 1395.2793
  type: 'test'
  ...
# Subtest: B1 migrated auto-vacuum NONE purge clears indexed payload bytes and logical quota without rebuilding
ok 151 - B1 migrated auto-vacuum NONE purge clears indexed payload bytes and logical quota without rebuilding
  ---
  duration_ms: 452.3619
  type: 'test'
  ...
# C2-1 scanned fragment byte lengths: canarytokenprefix:17, alphaunique:11, betaunique:10, canarytoken:11, tokenprefix:11, alphauniq:9, betauniq:8, canarytokenprefixalphaunique:28, canarytokenprefixbetaunique:27
# Subtest: B2 stripped agent markers in TTY-capable child rejects generic PURGE
ok 152 - B2 stripped agent markers in TTY-capable child rejects generic PURGE
  ---
  duration_ms: 1210.9306
  type: 'test'
  ...
# Subtest: B2 stripped agent markers in TTY-capable child rejects repository challenge with extra whitespace
ok 153 - B2 stripped agent markers in TTY-capable child rejects repository challenge with extra whitespace
  ---
  duration_ms: 228.3691
  type: 'test'
  ...
# Subtest: B2 stripped agent markers in TTY-capable child accepts exact repository challenge with one-time admin token
ok 154 - B2 stripped agent markers in TTY-capable child accepts exact repository challenge with one-time admin token
  ---
  duration_ms: 373.6305
  type: 'test'
  ...
# Subtest: B2 stripped agent markers in TTY-capable child rejects PTY agent without admin token despite exact challenge
ok 155 - B2 stripped agent markers in TTY-capable child rejects PTY agent without admin token despite exact challenge
  ---
  duration_ms: 245.8262
  type: 'test'
  ...
# Subtest: P2 argv admin token is rejected even with a local TTY
ok 156 - P2 argv admin token is rejected even with a local TTY
  ---
  duration_ms: 131.0402
  type: 'test'
  ...
# Subtest: P2 admin token replay is rejected with TOKEN_ALREADY_USED
ok 157 - P2 admin token replay is rejected with TOKEN_ALREADY_USED
  ---
  duration_ms: 117.5161
  type: 'test'
  ...
# Subtest: P2 expired token is rejected with TOKEN_EXPIRED
ok 158 - P2 expired token is rejected with TOKEN_EXPIRED
  ---
  duration_ms: 112.649
  type: 'test'
  ...
# Subtest: P2 token comparison uses constant-time crypto primitive and never argv
ok 159 - P2 token comparison uses constant-time crypto primitive and never argv
  ---
  duration_ms: 0.6881
  type: 'test'
  ...
# Subtest: P3 every production SQLite connection uses the hardened factory
ok 160 - P3 every production SQLite connection uses the hardened factory
  ---
  duration_ms: 184.7245
  type: 'test'
  ...
# Subtest: P3 blocked truncate checkpoint fails closed with PURGE_CHECKPOINT_BUSY
ok 161 - P3 blocked truncate checkpoint fails closed with PURGE_CHECKPOINT_BUSY
  ---
  duration_ms: 336.4659
  type: 'test'
  ...
# Subtest: P4 expired reservation fences repository commit and rolls back evidence
ok 162 - P4 expired reservation fences repository commit and rolls back evidence
  ---
  duration_ms: 244.7959
  type: 'test'
  ...
# Subtest: P4 real append commit outliving lease is rejected before COMMIT
ok 163 - P4 real append commit outliving lease is rejected before COMMIT
  ---
  duration_ms: 245.0739
  type: 'test'
  ...
# Subtest: P4 EPERM preserves same-host lease and foreign host does not probe PID
ok 164 - P4 EPERM preserves same-host lease and foreign host does not probe PID
  ---
  duration_ms: 124.8807
  type: 'test'
  ...
# Subtest: C2-2 stale monotonic epoch rejects a still-live reservation before repo commit
ok 165 - C2-2 stale monotonic epoch rejects a still-live reservation before repo commit
  ---
  duration_ms: 286.3024
  type: 'test'
  ...
# Subtest: C2-2 repo fence rejects an epoch older than its committed watermark
ok 166 - C2-2 repo fence rejects an epoch older than its committed watermark
  ---
  duration_ms: 264.864
  type: 'test'
  ...
# Subtest: C2-3 continuing process explicitly recovers committed bytes and reaps abandoned leases
ok 167 - C2-3 continuing process explicitly recovers committed bytes and reaps abandoned leases
  ---
  duration_ms: 480.4364
  type: 'test'
  ...
# (node:41552) ExperimentalWarning: SQLite is an experimental feature and might change at any time
# (Use `node --trace-warnings ...` to show where the warning was created)
# Subtest: B2 repo.sqlite async reap overlaps an in-flight worker
ok 168 - B2 repo.sqlite async reap overlaps an in-flight worker
  ---
  duration_ms: 657.6582
  type: 'test'
  ...
# (node:8012) ExperimentalWarning: SQLite is an experimental feature and might change at any time
# (Use `node --trace-warnings ...` to show where the warning was created)
# Subtest: B2 repo.sqlite async replace-token overlaps an in-flight worker
ok 169 - B2 repo.sqlite async replace-token overlaps an in-flight worker
  ---
  duration_ms: 1473.1415
  type: 'test'
  ...
# Subtest: B2 equal epoch with wrong reservation id is fenced off
ok 170 - B2 equal epoch with wrong reservation id is fenced off
  ---
  duration_ms: 193.2163
  type: 'test'
  ...
# Subtest: B2 registry epoch cache cannot define repository authority
ok 171 - B2 registry epoch cache cannot define repository authority
  ---
  duration_ms: 201.2722
  type: 'test'
  ...
# Subtest: C1 valid JSON non-array revocation source fails closed: {"revoked":true}
ok 172 - C1 valid JSON non-array revocation source fails closed: {"revoked":true}
  ---
  duration_ms: 109.8402
  type: 'test'
  ...
# Subtest: C1 valid JSON non-array revocation source fails closed: "invalid"
ok 173 - C1 valid JSON non-array revocation source fails closed: "invalid"
  ---
  duration_ms: 105.8902
  type: 'test'
  ...
# Subtest: C1 valid JSON non-array revocation source fails closed: {"schema_version":1,"revoked_digests":[]}
ok 174 - C1 valid JSON non-array revocation source fails closed: {"schema_version":1,"revoked_digests":[]}
  ---
  duration_ms: 110.2742
  type: 'test'
  ...
# Subtest: C2 ContextService ignores caller-supplied configDirectory for FEATURE_LIVE_CAPTURE
ok 175 - C2 ContextService ignores caller-supplied configDirectory for FEATURE_LIVE_CAPTURE
  ---
  duration_ms: 112.881
  type: 'test'
  ...
# Subtest: C2 ContextService ignores caller-supplied configDirectory for FEATURE_PUBLIC_GATEWAY
ok 176 - C2 ContextService ignores caller-supplied configDirectory for FEATURE_PUBLIC_GATEWAY
  ---
  duration_ms: 110.9187
  type: 'test'
  ...
# Subtest: R2 missing revocation file fails closed with FEATURE_GATE_LOCKED
ok 177 - R2 missing revocation file fails closed with FEATURE_GATE_LOCKED
  ---
  duration_ms: 123.4297
  type: 'test'
  ...
# Subtest: R2 different working directory still resolves the module config directory securely
ok 178 - R2 different working directory still resolves the module config directory securely
  ---
  duration_ms: 111.8333
  type: 'test'
  ...
# Subtest: R2 public capture entry ignores caller-supplied config directory
ok 179 - R2 public capture entry ignores caller-supplied config directory
  ---
  duration_ms: 112.4509
  type: 'test'
  ...
# Subtest: R2 public gateway entry ignores caller-supplied config directory
ok 180 - R2 public gateway entry ignores caller-supplied config directory
  ---
  duration_ms: 169.2561
  type: 'test'
  ...
# Subtest: R3 initialized service with enabled flags rejects execution after signed approval is removed
ok 181 - R3 initialized service with enabled flags rejects execution after signed approval is removed
  ---
  duration_ms: 115.6773
  type: 'test'
  ...
# Subtest: B3 tampered SOC signature is rejected
ok 182 - B3 tampered SOC signature is rejected
  ---
  duration_ms: 107.9433
  type: 'test'
  ...
# Subtest: B3 expired signed SOC artifact is rejected
ok 183 - B3 expired signed SOC artifact is rejected
  ---
  duration_ms: 101.346
  type: 'test'
  ...
# Subtest: B3 Phase 7 approval cannot authorize Phase 8 gateway
ok 184 - B3 Phase 7 approval cannot authorize Phase 8 gateway
  ---
  duration_ms: 105.5063
  type: 'test'
  ...
# Subtest: B3 forced env/config flag and caller key cannot bypass invalid approval
ok 185 - B3 forced env/config flag and caller key cannot bypass invalid approval
  ---
  duration_ms: 103.0143
  type: 'test'
  ...
# Subtest: B3 direct capture import is initialization-gated
ok 186 - B3 direct capture import is initialization-gated
  ---
  duration_ms: 0.4904
  type: 'test'
  ...
# Subtest: B3 direct gateway import is initialization-gated
ok 187 - B3 direct gateway import is initialization-gated
  ---
  duration_ms: 0.2854
  type: 'test'
  ...
# Subtest: quota rejection bursts create one deduplicated gap per minute
ok 188 - quota rejection bursts create one deduplicated gap per minute
  ---
  duration_ms: 540.5588
  type: 'test'
  ...
# Subtest: graph neighbor SQL fetch is bounded by remaining examined-edge budget plus one
ok 189 - graph neighbor SQL fetch is bounded by remaining examined-edge budget plus one
  ---
  duration_ms: 0.5354
  type: 'test'
  ...
# Subtest: graph path cannot traverse a purged intermediate node
ok 190 - graph path cannot traverse a purged intermediate node
  ---
  duration_ms: 306.3052
  type: 'test'
  ...
# (node:17300) ExperimentalWarning: SQLite is an experimental feature and might change at any time
# (Use `node --trace-warnings ...` to show where the warning was created)
# Subtest: portable skill freezes search-first and selective-maintenance behavior
ok 191 - portable skill freezes search-first and selective-maintenance behavior
  ---
  duration_ms: 4.9722
  type: 'test'
  ...
# Subtest: portable skill forbids sandbox bypass and sealed namespace auto-selection
ok 192 - portable skill forbids sandbox bypass and sealed namespace auto-selection
  ---
  duration_ms: 1.4588
  type: 'test'
  ...
# Subtest: portable skill mentions only commands and flags covered by the CLI contract
ok 193 - portable skill mentions only commands and flags covered by the CLI contract
  ---
  duration_ms: 2.4485
  type: 'test'
  ...
# {"ok":true,"platform":"win32","arch":"x64","node":"22.22.2","sqlite":"3.51.2","constructor":"PASS","busy_timeout_ms":5,"fts5":"PASS","warnings":["ExperimentalWarning"],"json_stdout":"PASS","warning_stderr":"(node:32228) ExperimentalWarning: SQLite is an experimental feature and might change at any time\\n(Use `node --trace-warnings ...` to show where the warning was created)"}
# Subtest: test\\context\\sqlite-platform.test.js
ok 36 - test\\context\\sqlite-platform.test.js
  ---
  duration_ms: 643.8361
  type: 'test'
  ...
# (node:18656) ExperimentalWarning: SQLite is an experimental feature and might change at any time
# (Use `node --trace-warnings ...` to show where the warning was created)
# Subtest: WAL, timeout, foreign keys, migrations, opaque refs, generations and durable cursors
ok 195 - WAL, timeout, foreign keys, migrations, opaque refs, generations and durable cursors
  ---
  duration_ms: 2386.5671
  type: 'test'
  ...
# Subtest: cursor v1 MAC binds kind and scope and rejects wrong-length signatures before payload parsing
ok 196 - cursor v1 MAC binds kind and scope and rejects wrong-length signatures before payload parsing
  ---
  duration_ms: 331.113
  type: 'test'
  ...
# Subtest: JSON MAC encoding rejects colon-delimiter scope collisions across owners
ok 197 - JSON MAC encoding rejects colon-delimiter scope collisions across owners
  ---
  duration_ms: 665.8293
  type: 'test'
  ...
# Subtest: status is read-only, capture gaps are visible and jobs/stores have ownership bounds
ok 198 - status is read-only, capture gaps are visible and jobs/stores have ownership bounds
  ---
  duration_ms: 655.108
  type: 'test'
  ...
1..198
# tests 198
# suites 0
# pass 198
# fail 0
# cancelled 0
# skipped 0
# todo 0
# duration_ms 31030.8324
